// Jest Snapshot v1, https://goo.gl/fbAQLP

exports[`matches snapshot 1`] = `
Object {
  "add": [Function],
  "checkout": [Function],
  "coupon": null,
  "itemCount": [Function],
  "items": Array [],
  "orderTotal": [Function],
  "remove": [Function],
}
`;
